INFO:     Will watch for changes in these directories: ['C:\\Users\\carlo\\Downloads\\emergent\\backend']
INFO:     Uvicorn running on http://0.0.0.0:8000 (Press CTRL+C to quit)
INFO:     Started reloader process [20932] using WatchFiles
INFO:     Started server process [16336]
INFO:     Waiting for application startup.
INFO:lib.db:{"event": "mongo_connecting", "db": "gestao_esportiva_escolar", "pool_max": 100}
INFO:lib.db:{"event": "mongo_connected", "db": "gestao_esportiva_escolar"}
INFO:lib.db:{"event": "indexes_created", "collection": "status_checks", "count": 1}
INFO:lib.db:{"event": "indexes_created", "collection": "users", "count": 6}
INFO:lib.db:{"event": "indexes_created", "collection": "turmas", "count": 2}
INFO:lib.db:{"event": "indexes_created", "collection": "alunos", "count": 4}
INFO:lib.db:{"event": "indexes_created", "collection": "avaliacoes", "count": 3}
INFO:lib.db:{"event": "indexes_created", "collection": "badges", "count": 2}
INFO:lib.db:{"event": "indexes_created", "collection": "conquistas", "count": 3}
INFO:lib.db:{"event": "indexes_created", "collection": "duvidas", "count": 3}
INFO:lib.db:{"event": "indexes_created", "collection": "admin_notifications", "count": 2}
INFO:lib.db:{"event": "indexes_created", "collection": "chamadas", "count": 2}
INFO:lib.db:{"event": "indexes_created", "collection": "ocorrencias", "count": 3}
INFO:lib.db:{"event": "indexes_created", "collection": "justificativas", "count": 3}
INFO:lib.db:{"event": "indexes_created", "collection": "fila_espera", "count": 2}
INFO:lib.db:{"event": "indexes_created", "collection": "comunicados", "count": 2}
INFO:lib.db:{"event": "indexes_created", "collection": "ia_conversas", "count": 2}
INFO:     Application startup complete.
WARNING:lib.realtime:Change Stream unavailable; single-process realtime fallback: Command aggregate does not support { readConcern: { level: "local", provenance: "clientSupplied" } } :: caused by :: Aggregation stage $changeStream cannot run with a readConcern other than 'majority'. Current readConcern: local, full error: {'ok': 0.0, 'errmsg': 'Command aggregate does not support { readConcern: { level: "local", provenance: "clientSupplied" } } :: caused by :: Aggregation stage $changeStream cannot run with a readConcern other than \'majority\'. Current readConcern: local', 'code': 72, 'codeName': 'InvalidOptions'}
WARNING:lib.realtime:Change Stream unavailable; single-process realtime fallback: Command aggregate does not support { readConcern: { level: "local", provenance: "clientSupplied" } } :: caused by :: Aggregation stage $changeStream cannot run with a readConcern other than 'majority'. Current readConcern: local, full error: {'ok': 0.0, 'errmsg': 'Command aggregate does not support { readConcern: { level: "local", provenance: "clientSupplied" } } :: caused by :: Aggregation stage $changeStream cannot run with a readConcern other than \'majority\'. Current readConcern: local', 'code': 72, 'codeName': 'InvalidOptions'}
WARNING:lib.realtime:Change Stream unavailable; single-process realtime fallback: Command aggregate does not support { readConcern: { level: "local", provenance: "clientSupplied" } } :: caused by :: Aggregation stage $changeStream cannot run with a readConcern other than 'majority'. Current readConcern: local, full error: {'ok': 0.0, 'errmsg': 'Command aggregate does not support { readConcern: { level: "local", provenance: "clientSupplied" } } :: caused by :: Aggregation stage $changeStream cannot run with a readConcern other than \'majority\'. Current readConcern: local', 'code': 72, 'codeName': 'InvalidOptions'}
WARNING:lib.realtime:Change Stream unavailable; single-process realtime fallback: Command aggregate does not support { readConcern: { level: "local", provenance: "clientSupplied" } } :: caused by :: Aggregation stage $changeStream cannot run with a readConcern other than 'majority'. Current readConcern: local, full error: {'ok': 0.0, 'errmsg': 'Command aggregate does not support { readConcern: { level: "local", provenance: "clientSupplied" } } :: caused by :: Aggregation stage $changeStream cannot run with a readConcern other than \'majority\'. Current readConcern: local', 'code': 72, 'codeName': 'InvalidOptions'}
WARNING:lib.realtime:Change Stream unavailable; single-process realtime fallback: Command aggregate does not support { readConcern: { level: "local", provenance: "clientSupplied" } } :: caused by :: Aggregation stage $changeStream cannot run with a readConcern other than 'majority'. Current readConcern: local, full error: {'ok': 0.0, 'errmsg': 'Command aggregate does not support { readConcern: { level: "local", provenance: "clientSupplied" } } :: caused by :: Aggregation stage $changeStream cannot run with a readConcern other than \'majority\'. Current readConcern: local', 'code': 72, 'codeName': 'InvalidOptions'}
WARNING:lib.realtime:Change Stream unavailable; single-process realtime fallback: Command aggregate does not support { readConcern: { level: "local", provenance: "clientSupplied" } } :: caused by :: Aggregation stage $changeStream cannot run with a readConcern other than 'majority'. Current readConcern: local, full error: {'ok': 0.0, 'errmsg': 'Command aggregate does not support { readConcern: { level: "local", provenance: "clientSupplied" } } :: caused by :: Aggregation stage $changeStream cannot run with a readConcern other than \'majority\'. Current readConcern: local', 'code': 72, 'codeName': 'InvalidOptions'}
WARNING:lib.realtime:Change Stream unavailable; single-process realtime fallback: Command aggregate does not support { readConcern: { level: "local", provenance: "clientSupplied" } } :: caused by :: Aggregation stage $changeStream cannot run with a readConcern other than 'majority'. Current readConcern: local, full error: {'ok': 0.0, 'errmsg': 'Command aggregate does not support { readConcern: { level: "local", provenance: "clientSupplied" } } :: caused by :: Aggregation stage $changeStream cannot run with a readConcern other than \'majority\'. Current readConcern: local', 'code': 72, 'codeName': 'InvalidOptions'}
WARNING:lib.realtime:Change Stream unavailable; single-process realtime fallback: Command aggregate does not support { readConcern: { level: "local", provenance: "clientSupplied" } } :: caused by :: Aggregation stage $changeStream cannot run with a readConcern other than 'majority'. Current readConcern: local, full error: {'ok': 0.0, 'errmsg': 'Command aggregate does not support { readConcern: { level: "local", provenance: "clientSupplied" } } :: caused by :: Aggregation stage $changeStream cannot run with a readConcern other than \'majority\'. Current readConcern: local', 'code': 72, 'codeName': 'InvalidOptions'}
WARNING:lib.realtime:Change Stream unavailable; single-process realtime fallback: Command aggregate does not support { readConcern: { level: "local", provenance: "clientSupplied" } } :: caused by :: Aggregation stage $changeStream cannot run with a readConcern other than 'majority'. Current readConcern: local, full error: {'ok': 0.0, 'errmsg': 'Command aggregate does not support { readConcern: { level: "local", provenance: "clientSupplied" } } :: caused by :: Aggregation stage $changeStream cannot run with a readConcern other than \'majority\'. Current readConcern: local', 'code': 72, 'codeName': 'InvalidOptions'}
